{
  "out": "builds/stryde-thirty-years/work/script.lines.txt",
  "spoken_lines": 22,
  "words": 421,
  "chars": 2233,
  "dropped": [
    {
      "line": 1,
      "text": "C - VID | Talking Head | TOF | Maker Concession | New | Thirty Years Making Braces",
      "reason": "title"
    },
    {
      "line": 2,
      "text": "Reference: https://www.instagram.com/p/DWLADFygI0W/",
      "reason": "reference/link"
    },
    {
      "line": 4,
      "text": "VISUAL: Selfie, arm's length, walking slowly through the workshop. A rail of finished braces racks past behind the shoulder. Two stacked title cards, six seconds only: white box \"Where knee pain actually comes from\", red box \"From a man who has made knee braces for 30 years.\"",
      "reason": "visual/editor note"
    },
    {
      "line": 6,
      "text": "VISUAL: Static selfie, seated at the bench, a half-finished hinged brace clamped in the vice beside his face. He does not touch it. No title cards at all, so the line has to carry it alone.",
      "reason": "visual/editor note"
    },
    {
      "line": 8,
      "text": "VISUAL: Opens tight on two halves of a cut sleeve lying on the bench, still curled. Hand enters, lifts one half to camera, then pulls back to reveal him and the workshop.",
      "reason": "visual/editor note"
    },
    {
      "line": 10,
      "text": "Body",
      "reason": "section heading"
    }
  ],
  "visual_notes": [
    {
      "line": 4,
      "text": "VISUAL: Selfie, arm's length, walking slowly through the workshop. A rail of finished braces racks past behind the shoulder. Two stacked title cards, six seconds only: white box \"Where knee pain actually comes from\", red box \"From a man who has made knee braces for 30 years.\"",
      "kind": "visual/editor note",
      "applies_to": 1,
      "spoken": "\"Here is where your knee pain is actually coming from. And if you do not believe me, I have spent thirty years making knee braces. Load is my job.\"",
      "id": "VN01"
    },
    {
      "line": 6,
      "text": "VISUAL: Static selfie, seated at the bench, a half-finished hinged brace clamped in the vice beside his face. He does not touch it. No title cards at all, so the line has to carry it alone.",
      "kind": "visual/editor note",
      "applies_to": 2,
      "spoken": "\"I have made knee braces for thirty years. I am about to talk you out of buying one.\"",
      "id": "VN02"
    },
    {
      "line": 8,
      "text": "VISUAL: Opens tight on two halves of a cut sleeve lying on the bench, still curled. Hand enters, lifts one half to camera, then pulls back to reveal him and the workshop.",
      "kind": "visual/editor note",
      "applies_to": 3,
      "spoken": "\"This is a knee sleeve I cut in half this morning. I want to show you why the one in your drawer never helped you.\"",
      "id": "VN03"
    }
  ],
  "lines": [
    "\"Here is where your knee pain is actually coming from. And if you do not believe me, I have spent thirty years making knee braces. Load is my job.\"",
    "\"I have made knee braces for thirty years. I am about to talk you out of buying one.\"",
    "\"This is a knee sleeve I cut in half this morning. I want to show you why the one in your drawer never helped you.\"",
    "Seventeen times your bodyweight goes through one spot below your kneecap. Every step.",
    "Two centimetres down, on the tendon. Not the cartilage. Not the joint. That spot.",
    "Take the load off it and you come down the stairs forwards. Out of a chair first try. The dog as far as you used to.",
    "Leave it there and the list of things you have stopped doing keeps growing.",
    "Here is what I have watched fail for thirty years. Sleeves. Hinged braces. Gels. Wraps. I have sold plenty of them, and they are better than nothing.",
    "But the pain comes back to the same spot, because none of them move the load off it.",
    "A sleeve squeezes the whole knee. A hinged brace stops your knee going sideways, and your knee was never going sideways.",
    "So if you have a drawer full of these, that was not you failing. You were wrapping the wrong part of your leg.",
    "You do not wrap the joint. You go under it. Three things have to be right.",
    "One, the placement. Two centimetres below the kneecap, on the tendon, never over the joint.",
    "Two, the pad. Silicone, holding pressure on that one spot instead of spreading it round the whole knee.",
    "Three, the band. It catches your weight coming down and moves it off the worn part before it reaches the joint.",
    "Thirty four percent less strain. Measured.",
    "Most straps that look like this are copies. Thin elastic, foam pad, no tension. They stretch, and a stretched strap stops holding that spot.",
    "The one I hand people is Stryde. Three years with orthopedic surgeons. Two hundred thousand wearing one. Ten seconds on, no sores, no rolling down.",
    "Do not take my word for it. One knee only. Leave the other bare. Go down your own stairs. You will know in a minute.",
    "Not because the arthritis is gone. Because the force is not landing where it hurts.",
    "Two for one, so you can do both knees. Sixty days, and you keep the straps. From the Stryde site, not a marketplace.",
    "Go and do your stairs."
  ]
}
