{
  "status": "PASS",
  "variants": [
    {
      "hook": "HK1",
      "file": "edit/v5/STRYDE-CASCADE_HK1.mp4",
      "status": "PASS",
      "hook_s": 14.958,
      "body_s": 151.7,
      "duration_s": 166.67,
      "expected_s": 166.658,
      "fixes": [
        {
          "beat": "A2-M1",
          "fix": "gave back 0.40s of the skipped opening (in-point 0.00s)"
        },
        {
          "beat": "A2-B3",
          "fix": "gave back 0.26s of the skipped opening (in-point 0.14s)"
        },
        {
          "beat": "A5-P1",
          "fix": "gave back 0.40s of the skipped opening (in-point 0.00s)"
        },
        {
          "beat": "HK1-B1",
          "fix": "HOLD: held to 3.63s on screen"
        },
        {
          "beat": "HK1-B2",
          "fix": "gave back 0.40s of the skipped opening (in-point 0.00s)"
        },
        {
          "beat": "HK1-B2",
          "fix": "HOLD: held to 2.71s on screen"
        },
        {
          "beat": "HK1-B3",
          "fix": "gave back 0.36s of the skipped opening (in-point 0.04s)"
        },
        {
          "beat": "HK1-B3",
          "fix": "HOLD: held to 3.00s on screen"
        },
        {
          "beat": "A1-B1",
          "fix": "HOLD: held to 3.25s on screen"
        },
        {
          "beat": "A1-B2",
          "fix": "HOLD: held to 3.00s on screen"
        },
        {
          "beat": "A1-B3",
          "fix": "HOLD: held to 2.50s on screen"
        },
        {
          "beat": "A1-B4",
          "fix": "HOLD: held to 2.00s on screen"
        },
        {
          "beat": "A1-B5",
          "fix": "HOLD: held to 2.00s on screen"
        },
        {
          "beat": "A1-B6",
          "fix": "HOLD: held to 2.00s on screen"
        },
        {
          "beat": "A1-B7",
          "fix": "gave back 0.40s of the skipped opening (in-point 0.00s)"
        },
        {
          "beat": "A1-B7",
          "fix": "HOLD: held to 2.50s on screen"
        },
        {
          "beat": "A2-M2",
          "fix": "HOLD: held to 2.75s on screen"
        },
        {
          "beat": "A2-B1",
          "fix": "HOLD: held to 2.00s on screen"
        },
        {
          "beat": "A2-B2",
          "fix": "HOLD: held to 3.17s on screen"
        },
        {
          "beat": "A2-B3",
          "fix": "gave back 0.14s of the skipped opening (in-point 0.00s)"
        },
        {
          "beat": "A2-B3",
          "fix": "HOLD: held to 2.08s on screen"
        },
        {
          "beat": "A3-B1",
          "fix": "HOLD: held to 2.58s on screen"
        },
        {
          "beat": "A3-B2",
          "fix": "HOLD: held to 2.00s on screen"
        },
        {
          "beat": "A3-B3",
          "fix": "HOLD: held to 2.00s on screen"
        },
        {
          "beat": "A4-B1",
          "fix": "HOLD: held to 3.00s on screen"
        },
        {
          "beat": "A4-B2",
          "fix": "gave back 0.40s of the skipped opening (in-point 0.00s)"
        },
        {
          "beat": "A4-B2",
          "fix": "HOLD: held to 2.71s on screen"
        },
        {
          "beat": "A4-P3",
          "fix": "HOLD: held to 3.00s on screen"
        },
        {
          "beat": "A5-B2",
          "fix": "gave back 0.40s of the skipped opening (in-point 0.00s)"
        },
        {
          "beat": "A5-B4",
          "fix": "HOLD: held to 3.46s on screen"
        },
        {
          "beat": "A4-P2",
          "fix": "gave back 0.32s of the skipped opening (in-point 0.08s)"
        },
        {
          "beat": "A4-P2",
          "fix": "FLICKER 0.38s: extended with own footage to 108.92s"
        },
        {
          "beat": "A4-M1",
          "fix": "FLICKER 0.46s: extended with own footage to 113.25s"
        },
        {
          "beat": "A5-B2",
          "fix": "FLICKER 1.38s: slowed to 0.93x to reach 144.12s"
        },
        {
          "beat": "A5-F1",
          "fix": "gave back 0.15s of the skipped opening (in-point 0.25s)"
        },
        {
          "beat": "A5-F1",
          "fix": "FLICKER 0.46s: extended with own footage to 160.88s"
        }
      ],
      "failures": [],
      "black_frames": []
    },
    {
      "hook": "HK2",
      "file": "edit/v5/STRYDE-CASCADE_HK2.mp4",
      "status": "PASS",
      "hook_s": 12.917,
      "body_s": 151.7,
      "duration_s": 164.63,
      "expected_s": 164.617,
      "fixes": [
        {
          "beat": "HK2-B3",
          "fix": "gave back 0.40s of the skipped opening (in-point 0.00s)"
        },
        {
          "beat": "A2-M1",
          "fix": "gave back 0.40s of the skipped opening (in-point 0.00s)"
        },
        {
          "beat": "A2-B3",
          "fix": "gave back 0.26s of the skipped opening (in-point 0.14s)"
        },
        {
          "beat": "A5-P1",
          "fix": "gave back 0.40s of the skipped opening (in-point 0.00s)"
        },
        {
          "beat": "HK2-B1",
          "fix": "HOLD: held to 2.25s on screen"
        },
        {
          "beat": "HK2-B2",
          "fix": "gave back 0.03s of the skipped opening (in-point 0.37s)"
        },
        {
          "beat": "HK2-B2",
          "fix": "HOLD: held to 2.67s on screen"
        },
        {
          "beat": "A1-B1",
          "fix": "HOLD: held to 3.25s on screen"
        },
        {
          "beat": "A1-B2",
          "fix": "HOLD: held to 3.00s on screen"
        },
        {
          "beat": "A1-B3",
          "fix": "HOLD: held to 2.50s on screen"
        },
        {
          "beat": "A1-B4",
          "fix": "HOLD: held to 2.00s on screen"
        },
        {
          "beat": "A1-B5",
          "fix": "HOLD: held to 2.00s on screen"
        },
        {
          "beat": "A1-B6",
          "fix": "HOLD: held to 2.00s on screen"
        },
        {
          "beat": "A1-B7",
          "fix": "gave back 0.40s of the skipped opening (in-point 0.00s)"
        },
        {
          "beat": "A1-B7",
          "fix": "HOLD: held to 2.50s on screen"
        },
        {
          "beat": "A2-M2",
          "fix": "HOLD: held to 2.75s on screen"
        },
        {
          "beat": "A2-B1",
          "fix": "HOLD: held to 2.00s on screen"
        },
        {
          "beat": "A2-B2",
          "fix": "HOLD: held to 3.17s on screen"
        },
        {
          "beat": "A2-B3",
          "fix": "gave back 0.14s of the skipped opening (in-point 0.00s)"
        },
        {
          "beat": "A2-B3",
          "fix": "HOLD: held to 2.08s on screen"
        },
        {
          "beat": "A3-B1",
          "fix": "HOLD: held to 2.58s on screen"
        },
        {
          "beat": "A3-B2",
          "fix": "HOLD: held to 2.00s on screen"
        },
        {
          "beat": "A3-B3",
          "fix": "HOLD: held to 2.00s on screen"
        },
        {
          "beat": "A4-B1",
          "fix": "HOLD: held to 3.00s on screen"
        },
        {
          "beat": "A4-B2",
          "fix": "gave back 0.40s of the skipped opening (in-point 0.00s)"
        },
        {
          "beat": "A4-B2",
          "fix": "HOLD: held to 2.71s on screen"
        },
        {
          "beat": "A4-P3",
          "fix": "HOLD: held to 3.00s on screen"
        },
        {
          "beat": "A5-B2",
          "fix": "gave back 0.40s of the skipped opening (in-point 0.00s)"
        },
        {
          "beat": "A5-B4",
          "fix": "HOLD: held to 3.46s on screen"
        },
        {
          "beat": "A4-P2",
          "fix": "gave back 0.32s of the skipped opening (in-point 0.08s)"
        },
        {
          "beat": "A4-P2",
          "fix": "FLICKER 0.38s: extended with own footage to 106.88s"
        },
        {
          "beat": "A4-M1",
          "fix": "FLICKER 0.46s: extended with own footage to 111.21s"
        },
        {
          "beat": "A5-B2",
          "fix": "FLICKER 1.38s: slowed to 0.93x to reach 142.08s"
        },
        {
          "beat": "A5-F1",
          "fix": "gave back 0.15s of the skipped opening (in-point 0.25s)"
        },
        {
          "beat": "A5-F1",
          "fix": "FLICKER 0.46s: extended with own footage to 158.83s"
        }
      ],
      "failures": [],
      "black_frames": []
    },
    {
      "hook": "HK3",
      "file": "edit/v5/STRYDE-CASCADE_HK3.mp4",
      "status": "PASS",
      "hook_s": 11.875,
      "body_s": 151.7,
      "duration_s": 163.58,
      "expected_s": 163.575,
      "fixes": [
        {
          "beat": "HK3-B1",
          "fix": "gave back 0.28s of the skipped opening (in-point 0.12s)"
        },
        {
          "beat": "HK3-B3",
          "fix": "gave back 0.40s of the skipped opening (in-point 0.00s)"
        },
        {
          "beat": "A2-M1",
          "fix": "gave back 0.40s of the skipped opening (in-point 0.00s)"
        },
        {
          "beat": "A2-B3",
          "fix": "gave back 0.26s of the skipped opening (in-point 0.14s)"
        },
        {
          "beat": "A5-P1",
          "fix": "gave back 0.40s of the skipped opening (in-point 0.00s)"
        },
        {
          "beat": "HK3-B2",
          "fix": "gave back 0.40s of the skipped opening (in-point 0.00s)"
        },
        {
          "beat": "HK3-B2",
          "fix": "HOLD: held to 2.96s on screen"
        },
        {
          "beat": "A1-B1",
          "fix": "HOLD: held to 3.25s on screen"
        },
        {
          "beat": "A1-B2",
          "fix": "HOLD: held to 3.00s on screen"
        },
        {
          "beat": "A1-B3",
          "fix": "HOLD: held to 2.50s on screen"
        },
        {
          "beat": "A1-B4",
          "fix": "HOLD: held to 2.00s on screen"
        },
        {
          "beat": "A1-B5",
          "fix": "HOLD: held to 2.00s on screen"
        },
        {
          "beat": "A1-B6",
          "fix": "HOLD: held to 2.00s on screen"
        },
        {
          "beat": "A1-B7",
          "fix": "gave back 0.40s of the skipped opening (in-point 0.00s)"
        },
        {
          "beat": "A1-B7",
          "fix": "HOLD: held to 2.50s on screen"
        },
        {
          "beat": "A2-M2",
          "fix": "HOLD: held to 2.75s on screen"
        },
        {
          "beat": "A2-B1",
          "fix": "HOLD: held to 2.00s on screen"
        },
        {
          "beat": "A2-B2",
          "fix": "HOLD: held to 3.17s on screen"
        },
        {
          "beat": "A2-B3",
          "fix": "gave back 0.14s of the skipped opening (in-point 0.00s)"
        },
        {
          "beat": "A2-B3",
          "fix": "HOLD: held to 2.08s on screen"
        },
        {
          "beat": "A3-B1",
          "fix": "HOLD: held to 2.58s on screen"
        },
        {
          "beat": "A3-B2",
          "fix": "HOLD: held to 2.00s on screen"
        },
        {
          "beat": "A3-B3",
          "fix": "HOLD: held to 2.00s on screen"
        },
        {
          "beat": "A4-B1",
          "fix": "HOLD: held to 3.00s on screen"
        },
        {
          "beat": "A4-B2",
          "fix": "gave back 0.40s of the skipped opening (in-point 0.00s)"
        },
        {
          "beat": "A4-B2",
          "fix": "HOLD: held to 2.71s on screen"
        },
        {
          "beat": "A4-P3",
          "fix": "HOLD: held to 3.00s on screen"
        },
        {
          "beat": "A5-B2",
          "fix": "gave back 0.40s of the skipped opening (in-point 0.00s)"
        },
        {
          "beat": "A5-B4",
          "fix": "HOLD: held to 3.46s on screen"
        },
        {
          "beat": "A4-P2",
          "fix": "gave back 0.32s of the skipped opening (in-point 0.08s)"
        },
        {
          "beat": "A4-P2",
          "fix": "FLICKER 0.38s: extended with own footage to 105.83s"
        },
        {
          "beat": "A4-M1",
          "fix": "FLICKER 0.46s: extended with own footage to 110.17s"
        },
        {
          "beat": "A5-B2",
          "fix": "FLICKER 1.38s: slowed to 0.93x to reach 141.04s"
        },
        {
          "beat": "A5-F1",
          "fix": "gave back 0.15s of the skipped opening (in-point 0.25s)"
        },
        {
          "beat": "A5-F1",
          "fix": "FLICKER 0.46s: extended with own footage to 157.79s"
        }
      ],
      "failures": [],
      "black_frames": []
    }
  ],
  "body_identical_across_variants": true
}
